0
29183457
29183457
29183457
29183457
29183457
29183457
29183457
29183457
29183457
29183457
29183457
29183457
29183457
29183457
29183457
29183457
29183457
29183457
29183457
29183457
29183457
29183457
29183457
29183457
29183457
29183457
29183457
29183457
29183457
29183457
29183457
29183457
29183457
29183457
29183457
29183457
29183457
29183457
29183457
29183457
29183457
29183457
29183457
29183457
29183457
29183457
29183457
29183457
